Vercel CLI 59.11.7 (Node.js 24.13.0)
> [debug] [2026-09-07T13:07:22.685Z] Agent/TTY/nonInteractive: isAgent=false agentName=none stdin.isTTY=true --non-interactive=false explicitFalse=false => nonInteractive=false
> [debug] [2026-09-07T13:07:22.685Z] user supplied a possible target for deployment or an extension
> [debug] [2026-09-07T13:07:22.705Z] failed to find extension command with name "vercel---prod"
> [debug] [2026-09-07T13:07:22.727Z] Setting target to production
> [debug] [2026-09-07T13:07:22.785Z] Found ".vercel/repo.json" - detected "/Users/roshan/aiSkillSetu" as repo root
> [debug] [2026-09-07T13:07:23.347Z] Spinner invoked (Deploying ai-skill-setu) with a 0ms delay
> [debug] [2026-09-07T13:07:23.348Z] Valid access token, skipping token refresh.
[client-debug] 2026-09-07T13:07:23.348Z Creating deployment...
[client-debug] 2026-09-07T13:07:23.348Z Provided 'path' is a directory.
> [debug] [2026-09-07T13:07:23.358Z] #1 → GET https://api.vercel.com/v9/projects/prj_jxMKEgux7vKTQ2IDmIVyVp81koNs?teamId=team_f2DGGxe2O47S1NGGHok783s5
[client-debug] 2026-09-07T13:07:23.359Z Found 26 rules in .vercelignore
[client-debug] 2026-09-07T13:07:23.359Z Building file tree...
[client-debug] 2026-09-07T13:07:23.361Z Found 132 files in the specified directory
[client-debug] 2026-09-07T13:07:23.373Z Yielding a 'hashes-calculated' event with 103 hashes
[client-debug] 2026-09-07T13:07:23.373Z Using provided API URL: https://api.vercel.com
[client-debug] 2026-09-07T13:07:23.373Z Using provided user agent: vercel 59.11.7 node-v24.13.0 darwin (arm64)
[client-debug] 2026-09-07T13:07:23.373Z Setting platform version to harcoded value 2
[client-debug] 2026-09-07T13:07:23.373Z Creating the deployment and starting upload...
[client-debug] 2026-09-07T13:07:23.373Z Determining necessary files for upload...
[client-debug] 2026-09-07T13:07:23.373Z Creating deployment
[client-debug] 2026-09-07T13:07:23.374Z Sending deployment creation API request
[client-debug] 2026-09-07T13:07:24.477Z Deployment response: {"error":{"code":"missing_files","message":"Missing files","missing":["9637f74ec44629dbcc975ddf13f64027bcce3ed7"]}}
[client-debug] 2026-09-07T13:07:24.477Z Error: Deployment request status is 400
[client-debug] 2026-09-07T13:07:24.477Z 1 files are required to upload
[client-debug] 2026-09-07T13:07:24.477Z Yielding a 'file-count' event
> [debug] [2026-09-07T13:07:24.477Z] Total files 103, 1 changed
> [debug] [2026-09-07T13:07:24.478Z] Spinner invoked (Uploading [--------------------] (0.0B/1.2KB)) with a 0ms delay
[client-debug] 2026-09-07T13:07:24.478Z Building an upload list...
[client-debug] 2026-09-07T13:07:24.479Z Starting upload
[client-debug] 2026-09-07T13:07:24.479Z POST https://api.vercel.com/v2/files?teamId=team_f2DGGxe2O47S1NGGHok783s5
> [debug] [2026-09-07T13:07:24.482Z] Spinner invoked (Uploading [====================] (1.2KB/1.2KB)) with a 0ms delay
> [debug] [2026-09-07T13:07:24.485Z] #1 ← 200 OK: sfo1::ccf45-1788786444060-74aa99d4f476 [1.13s]
[client-debug] 2026-09-07T13:07:25.394Z DONE in 915ms: POST https://api.vercel.com/v2/files?teamId=team_f2DGGxe2O47S1NGGHok783s5
[client-debug] 2026-09-07T13:07:25.394Z File 9637f74ec44629dbcc975ddf13f64027bcce3ed7 (/Users/roshan/aiSkillSetu/frontend/vercel-build.log) uploaded
[client-debug] 2026-09-07T13:07:25.394Z Yielding a 'file-uploaded' event
> [debug] [2026-09-07T13:07:25.394Z] Uploaded: /Users/roshan/aiSkillSetu/frontend/vercel-build.log (1.24KB)
[client-debug] 2026-09-07T13:07:25.394Z All files uploaded
[client-debug] 2026-09-07T13:07:25.394Z Yielding a 'all-files-uploaded' event
[client-debug] 2026-09-07T13:07:25.394Z Starting deployment creation
[client-debug] 2026-09-07T13:07:25.394Z Creating deployment
[client-debug] 2026-09-07T13:07:25.395Z Sending deployment creation API request
[client-debug] 2026-09-07T13:07:26.733Z Deployment response: {"alias":["ai-skill-setu-roshanmahict-9210s-projects.vercel.app"],"aliasAssigned":false,"automaticAliases":["ai-skill-setu-roshanmahict-9210s-projects.vercel.app"],"bootedAt":1788786445997,"buildingAt":1788786445997,"buildSkipped":false,"createdAt":1788786445997,"creator":{"uid":"kK8Nt85VZnqFyqHHL4dAcnBJ","username":"roshanmahict-9210"},"id":"dpl_HyyJTgxbZPxZVW3nPgFf1oEQpRK6","name":"ai-skill-setu","meta":{"githubCommitAuthorName":"Roshan","githubCommitAuthorEmail":"roshan@Roshans-MacBook-Air.local","githubCommitMessage":"Remove vercel.json override","githubCommitOrg":"roshanmahict","githubCommitRef":"main","githubCommitRepo":"aiSkillSetu","githubCommitSha":"a1542e3232a70b011ad492ffabe45cd34cdff4e5","githubDeployment":"1","githubOrg":"roshanmahict","githubRepo":"aiSkillSetu","gitDirty":"1","gitRootDirectory":"frontend"},"originCacheRegion":"iad1","project":{"id":"prj_jxMKEgux7vKTQ2IDmIVyVp81koNs","name":"ai-skill-setu","framework":"create-react-app"},"public":false,"readyState":"INITIALIZING","regions":["iad1"],"source":"cli","status":"INITIALIZING","target":"production","team":{"id":"team_f2DGGxe2O47S1NGGHok783s5","name":"roshanmahict-9210's projects","slug":"roshanmahict-9210s-projects"},"type":"LAMBDAS","url":"ai-skill-setu-oop07cw8z-roshanmahict-9210s-projects.vercel.app","version":2,"previewCommentsEnabled":true,"oidcTokenClaims":{"sub":"owner:roshanmahict-9210s-projects:project:ai-skill-setu:environment:production","iss":"https://oidc.vercel.com/roshanmahict-9210s-projects","scope":"owner:roshanmahict-9210s-projects:project:ai-skill-setu:environment:production","aud":"https://vercel.com/roshanmahict-9210s-projects","owner":"roshanmahict-9210s-projects","owner_id":"team_f2DGGxe2O47S1NGGHok783s5","project":"ai-skill-setu","project_id":"prj_jxMKEgux7vKTQ2IDmIVyVp81koNs","environment":"production","plan":"hobby"},"lambdas":[{"id":"bld_dgufx7at7","createdAt":1788786445706,"entrypoint":".","readyState":"READY","readyStateAt":1788786445706,"output":[]}],"aliasAssignedAt":null,"build":{"env":[]},"builds":[],"createdIn":"sfo1","env":[],"functions":null,"inspectorUrl":"https://vercel.com/roshanmahict-9210s-projects/ai-skill-setu/HyyJTgxbZPxZVW3nPgFf1oEQpRK6","isInConcurrentBuildsQueue":false,"isInSystemBuildsQueue":true,"ownerId":"team_f2DGGxe2O47S1NGGHok783s5","plan":"hobby","projectId":"prj_jxMKEgux7vKTQ2IDmIVyVp81koNs","resourceConfig":{"buildMachine":{"defaultPurchaseType":"basic","purchaseType":"basic","machineSelectionType":"fixed","selectionSource":"plan-default"}},"projectSettings":{"buildCommand":"npm run build","devCommand":null,"framework":"create-react-app","commandForIgnoringBuildStep":null,"installCommand":null,"outputDirectory":null,"speedInsights":{"id":"ofntMKdE7zVbM02cEW83Ir0YBfm","hasData":false},"webAnalytics":{"id":"WQmS3SlDORRD1QuPdVhPp8PXg"},"nodeVersion":"24.x"},"routes":null,"config":{"version":1,"secureComputePrimaryRegion":null,"secureComputeFallbackRegion":null,"functionTimeout":300,"functionType":"fluid","functionMemoryType":"standard","isUsingActiveCPU":true,"resourceConfig":{"buildMachine":{"defaultPurchaseType":"basic","purchaseType":"basic","machineSelectionType":"fixed","selectionSource":"plan-default"},"buildQueue":{"configuration":"SKIP_NAMESPACE_QUEUE"}}},"attribution":{"commitMeta":{"name":"Roshan","email":"roshan@Roshans-MacBook-Air.local","isVerified":false}}}
[client-debug] 2026-09-07T13:07:26.733Z Deployment created
[client-debug] 2026-09-07T13:07:26.733Z Yielding a 'created' event
  Inspect         https://vercel.com/roshanmahict-9210s-projects/ai-skill-setu/HyyJTgxbZPxZVW3nPgFf1oEQpRK6
  Production      https://ai-skill-setu-oop07cw8z-roshanmahict-9210s-projects.vercel.app
https://ai-skill-setu-oop07cw8z-roshanmahict-9210s-projects.vercel.app> [debug] [2026-09-07T13:07:26.734Z] Spinner invoked (Building…) with a 0ms delay
> [debug] [2026-09-07T13:07:26.735Z] #2 → GET https://api.vercel.com/v3/now/deployments/dpl_HyyJTgxbZPxZVW3nPgFf1oEQpRK6/events?direction=forward&follow=1&format=lines&teamId=team_f2DGGxe2O47S1NGGHok783s5
[client-debug] 2026-09-07T13:07:26.735Z Waiting for deployment to be ready...
[client-debug] 2026-09-07T13:07:26.736Z Waiting for builds and the deployment to complete...
[client-debug] 2026-09-07T13:07:30.233Z Deployment state changed to BUILDING
[client-debug] 2026-09-07T13:07:30.233Z Yielding a 'building' event
> [debug] [2026-09-07T13:07:30.233Z] Spinner invoked (Building…) with a 0ms delay
> [debug] [2026-09-07T13:07:31.305Z] #2 ← 200 OK: sfo1::n6gjl-1788786446879-86eca7cc7f77 [4.57s]
> [debug] [2026-09-07T13:07:31.308Z] Spinner invoked (Running build in Washington, D.C., USA (East) – iad1) with a 0ms delay
> [debug] [2026-09-07T13:07:31.308Z] Spinner invoked (Build machine configuration: 2 cores, 8 GB) with a 0ms delay
> [debug] [2026-09-07T13:07:31.308Z] Spinner invoked (Retrieving list of deployment files...) with a 0ms delay
> [debug] [2026-09-07T13:07:31.308Z] Spinner invoked (Skipping build cache, deployment was triggered without cache.) with a 0ms delay
> [debug] [2026-09-07T13:07:32.339Z] Spinner invoked (Downloading 132 deployment files...) with a 0ms delay
> [debug] [2026-09-07T13:07:33.375Z] Spinner invoked (Running "vercel build") with a 0ms delay
> [debug] [2026-09-07T13:07:33.375Z] Spinner invoked (Vercel CLI 59.11.7) with a 0ms delay
> [debug] [2026-09-07T13:07:33.376Z] Spinner invoked (Installing dependencies...) with a 0ms delay
> [debug] [2026-09-07T13:07:38.600Z] Spinner invoked (npm warn deprecated whatwg-encoding@1.0.5: Use @exodus/bytes instead for a more spec-conformant and faster implementation) with a 0ms delay
> [debug] [2026-09-07T13:07:38.600Z] Spinner invoked (npm warn deprecated w3c-hr-time@1.0.2: Use your platform's native performance.now() and performance.timeOrigin.) with a 0ms delay
> [debug] [2026-09-07T13:07:38.600Z] Spinner invoked (npm warn deprecated stable@0.1.8: Modern JS already guarantees Array#sort() is a stable sort, so this library is deprecated. See the compatibility table on MDN: https://developer.mozilla.org/en-US/docs/Web/JavaScript/Reference/Global_Objects/Array/sort#browser_compatibility) with a 0ms delay
> [debug] [2026-09-07T13:07:38.600Z] Spinner invoked (npm warn deprecated rollup-plugin-terser@7.0.2: This package has been deprecated and is no longer maintained. Please use @rollup/plugin-terser) with a 0ms delay
> [debug] [2026-09-07T13:07:38.600Z] Spinner invoked (npm warn deprecated rimraf@3.0.2: Rimraf versions prior to v4 are no longer supported) with a 0ms delay
> [debug] [2026-09-07T13:07:38.600Z] Spinner invoked (npm warn deprecated sourcemap-codec@1.4.8: Please use @jridgewell/sourcemap-codec instead) with a 0ms delay
> [debug] [2026-09-07T13:07:38.600Z] Spinner invoked (npm warn deprecated q@1.5.1: You or someone you depend on is using Q, the JavaScript Promise library that gave JavaScript developers strong feelings about promises. They can almost certainly migrate to the native JavaScript promise now. Thank you literally everyone for joining me in this bet against the odds. Be excellent to each other.) with a 0ms delay
> [debug] [2026-09-07T13:07:38.601Z] Spinner invoked (npm warn deprecated) with a 0ms delay
> [debug] [2026-09-07T13:07:38.601Z] Spinner invoked (npm warn deprecated (For a CapTP with native promises, see @endo/eventual-send and @endo/captp)) with a 0ms delay
> [debug] [2026-09-07T13:07:39.644Z] Spinner invoked (npm warn deprecated workbox-cacheable-response@6.6.0: workbox-background-sync@6.6.0) with a 0ms delay
> [debug] [2026-09-07T13:07:40.696Z] Spinner invoked (npm warn deprecated workbox-google-analytics@6.6.0: It is not compatible with newer versions of GA starting with v4, as long as you are using GAv3 it should be ok, but the package is not longer being maintained) with a 0ms delay
> [debug] [2026-09-07T13:07:40.696Z] Spinner invoked (npm warn deprecated inflight@1.0.6: This module is not supported, and leaks memory. Do not use it. Check out lru-cache if you want a good and tested way to coalesce async requests by a key value, which is much more comprehensive and powerful.) with a 0ms delay
> [debug] [2026-09-07T13:07:40.696Z] Spinner invoked (npm warn deprecated glob@7.2.3: Old versions of glob are not supported, and contain widely publicized security vulnerabilities, which have been fixed in the current version. Please update. Support for old versions may be purchased (at exorbitant rates) by contacting i@izs.me) with a 0ms delay
> [debug] [2026-09-07T13:07:40.696Z] Spinner invoked (npm warn deprecated domexception@2.0.1: Use your platform's native DOMException instead) with a 0ms delay
> [debug] [2026-09-07T13:07:40.696Z] Spinner invoked (npm warn deprecated abab@2.0.6: Use your platform's native atob() and btoa() methods instead) with a 0ms delay
> [debug] [2026-09-07T13:07:41.815Z] Spinner invoked (npm warn deprecated @humanwhocodes/config-array@0.13.0: Use @eslint/config-array instead) with a 0ms delay
> [debug] [2026-09-07T13:07:41.815Z] Spinner invoked (npm warn deprecated @humanwhocodes/object-schema@2.0.3: Use @eslint/object-schema instead) with a 0ms delay
> [debug] [2026-09-07T13:07:41.815Z] Spinner invoked (npm warn deprecated @babel/plugin-proposal-private-methods@7.18.6: This proposal has been merged to the ECMAScript standard and thus this plugin is no longer maintained. Please use @babel/plugin-transform-private-methods instead.) with a 0ms delay
> [debug] [2026-09-07T13:07:41.815Z] Spinner invoked (npm warn deprecated @babel/plugin-proposal-optional-chaining@7.21.0: This proposal has been merged to the ECMAScript standard and thus this plugin is no longer maintained. Please use @babel/plugin-transform-optional-chaining instead.) with a 0ms delay
> [debug] [2026-09-07T13:07:41.815Z] Spinner invoked (npm warn deprecated @babel/plugin-proposal-numeric-separator@7.18.6: This proposal has been merged to the ECMAScript standard and thus this plugin is no longer maintained. Please use @babel/plugin-transform-numeric-separator instead.) with a 0ms delay
> [debug] [2026-09-07T13:07:41.815Z] Spinner invoked (npm warn deprecated @babel/plugin-proposal-nullish-coalescing-operator@7.18.6: This proposal has been merged to the ECMAScript standard and thus this plugin is no longer maintained. Please use @babel/plugin-transform-nullish-coalescing-operator instead.) with a 0ms delay
> [debug] [2026-09-07T13:07:41.815Z] Spinner invoked (npm warn deprecated @babel/plugin-proposal-class-properties@7.18.6: This proposal has been merged to the ECMAScript standard and thus this plugin is no longer maintained. Please use @babel/plugin-transform-class-properties instead.) with a 0ms delay
> [debug] [2026-09-07T13:07:42.833Z] Spinner invoked (npm warn deprecated @babel/plugin-proposal-private-property-in-object@7.21.11: This proposal has been merged to the ECMAScript standard and thus this plugin is no longer maintained. Please use @babel/plugin-transform-private-property-in-object instead.) with a 0ms delay
> [debug] [2026-09-07T13:07:42.833Z] Spinner invoked (npm warn deprecated svgo@1.3.2: This SVGO version is no longer supported. Upgrade to v2.x.x.) with a 0ms delay
> [debug] [2026-09-07T13:07:42.833Z] Spinner invoked (npm warn deprecated uuid@8.3.2: uuid@10 and below is no longer supported.  For ESM codebases, update to uuid@latest.  For CommonJS codebases, use uuid@11 (but be aware this version will likely be deprecated in 2028).) with a 0ms delay
> [debug] [2026-09-07T13:07:45.930Z] Spinner invoked (npm warn deprecated eslint@8.57.1: This version is no longer supported. Please see https://eslint.org/version-support for other options.) with a 0ms delay
> [debug] [2026-09-07T13:07:50.213Z] Spinner invoked (added 1345 packages in 16s) with a 0ms delay
> [debug] [2026-09-07T13:07:50.213Z] Spinner invoked (276 packages are looking for funding) with a 0ms delay
> [debug] [2026-09-07T13:07:50.213Z] Spinner invoked (run `npm fund` for details) with a 0ms delay
> [debug] [2026-09-07T13:07:50.213Z] Spinner invoked (npm warn allow-scripts 2 packages have install scripts not yet covered by allowScripts:) with a 0ms delay
> [debug] [2026-09-07T13:07:50.213Z] Spinner invoked (npm warn allow-scripts   core-js@3.50.0 (postinstall: node -e "try{require('./postinstall')}catch(e){}")) with a 0ms delay
> [debug] [2026-09-07T13:07:50.213Z] Spinner invoked (npm warn allow-scripts   core-js-pure@3.50.0 (postinstall: node -e "try{require('./postinstall')}catch(e){}")) with a 0ms delay
> [debug] [2026-09-07T13:07:50.213Z] Spinner invoked (npm warn allow-scripts) with a 0ms delay
> [debug] [2026-09-07T13:07:50.213Z] Spinner invoked (npm warn allow-scripts Run `npm approve-scripts --allow-scripts-pending` to review, or `npm approve-scripts <pkg>` to allow.) with a 0ms delay
> [debug] [2026-09-07T13:07:50.213Z] Spinner invoked (npm notice) with a 0ms delay
> [debug] [2026-09-07T13:07:50.213Z] Spinner invoked (npm notice New major version of npm available! 11.17.0 -> 12.0.2) with a 0ms delay
> [debug] [2026-09-07T13:07:50.213Z] Spinner invoked (npm notice Changelog: https://github.com/npm/cli/releases/tag/v12.0.2) with a 0ms delay
> [debug] [2026-09-07T13:07:50.213Z] Spinner invoked (npm notice To update run: npm install -g npm@12.0.2) with a 0ms delay
> [debug] [2026-09-07T13:07:50.213Z] Spinner invoked (npm notice) with a 0ms delay
> [debug] [2026-09-07T13:07:50.214Z] Spinner invoked (> frontend@0.1.0 build) with a 0ms delay
> [debug] [2026-09-07T13:07:50.214Z] Spinner invoked (> react-scripts build) with a 0ms delay
> [debug] [2026-09-07T13:07:51.233Z] Spinner invoked ((node:107) [DEP0176] DeprecationWarning: fs.F_OK is deprecated, use fs.constants.F_OK instead) with a 0ms delay
> [debug] [2026-09-07T13:07:51.233Z] Spinner invoked ((Use `node --trace-deprecation ...` to show where the warning was created)) with a 0ms delay
> [debug] [2026-09-07T13:07:51.234Z] Spinner invoked (Creating an optimized production build...) with a 0ms delay
> [debug] [2026-09-07T13:08:03.953Z] Spinner invoked (Treating warnings as errors because process.env.CI = true.) with a 0ms delay
> [debug] [2026-09-07T13:08:03.953Z] Spinner invoked (Most CI servers set it automatically.) with a 0ms delay
> [debug] [2026-09-07T13:08:03.953Z] Spinner invoked (Failed to compile.) with a 0ms delay
> [debug] [2026-09-07T13:08:03.953Z] Spinner invoked ([eslint]) with a 0ms delay
> [debug] [2026-09-07T13:08:03.953Z] Spinner invoked (src/App.js) with a 0ms delay
> [debug] [2026-09-07T13:08:03.953Z] Spinner invoked (Line 8:8:    'AreasWeServe' is defined but never used                                no-unused-vars) with a 0ms delay
> [debug] [2026-09-07T13:08:03.953Z] Spinner invoked (Line 54:61:  Comments inside children section of tag should be placed inside braces  react/jsx-no-comment-textnodes) with a 0ms delay
> [debug] [2026-09-07T13:08:03.953Z] Spinner invoked (src/components/common/Footer.jsx) with a 0ms delay
> [debug] [2026-09-07T13:08:03.953Z] Spinner invoked (Line 65:13:  The href attribute requires a valid value to be accessible. Provide a valid, navigable address as the href value. If you cannot provide a valid href, but still need the element to resemble a link, use a button and change it with appropriate styles. Learn more: https://github.com/jsx-eslint/eslint-plugin-jsx-a11y/blob/HEAD/docs/rules/anchor-is-valid.md  jsx-a11y/anchor-is-valid) with a 0ms delay
> [debug] [2026-09-07T13:08:03.954Z] Spinner invoked (Line 66:13:  The href attribute requires a valid value to be accessible. Provide a valid, navigable address as the href value. If you cannot provide a valid href, but still need the element to resemble a link, use a button and change it with appropriate styles. Learn more: https://github.com/jsx-eslint/eslint-plugin-jsx-a11y/blob/HEAD/docs/rules/anchor-is-valid.md  jsx-a11y/anchor-is-valid) with a 0ms delay
> [debug] [2026-09-07T13:08:03.954Z] Spinner invoked (Line 67:13:  The href attribute requires a valid value to be accessible. Provide a valid, navigable address as the href value. If you cannot provide a valid href, but still need the element to resemble a link, use a button and change it with appropriate styles. Learn more: https://github.com/jsx-eslint/eslint-plugin-jsx-a11y/blob/HEAD/docs/rules/anchor-is-valid.md  jsx-a11y/anchor-is-valid) with a 0ms delay
> [debug] [2026-09-07T13:08:03.954Z] Spinner invoked (Line 68:13:  The href attribute requires a valid value to be accessible. Provide a valid, navigable address as the href value. If you cannot provide a valid href, but still need the element to resemble a link, use a button and change it with appropriate styles. Learn more: https://github.com/jsx-eslint/eslint-plugin-jsx-a11y/blob/HEAD/docs/rules/anchor-is-valid.md  jsx-a11y/anchor-is-valid) with a 0ms delay
> [debug] [2026-09-07T13:08:03.954Z] Spinner invoked (src/utils/translations.js) with a 0ms delay
> [debug] [2026-09-07T13:08:03.954Z] Spinner invoked (Line 97:6:   Duplicate key 'platformTagline'  no-dupe-keys) with a 0ms delay
> [debug] [2026-09-07T13:08:03.954Z] Spinner invoked (Line 98:5:   Duplicate key 'heroTitle'        no-dupe-keys) with a 0ms delay
> [debug] [2026-09-07T13:08:03.954Z] Spinner invoked (Line 99:5:   Duplicate key 'heroLead'         no-dupe-keys) with a 0ms delay
> [debug] [2026-09-07T13:08:03.954Z] Spinner invoked (Line 100:5:  Duplicate key 'heroFeatures'     no-dupe-keys) with a 0ms delay
> [debug] [2026-09-07T13:08:03.954Z] Spinner invoked (Line 101:5:  Duplicate key 'getStarted'       no-dupe-keys) with a 0ms delay
> [debug] [2026-09-07T13:08:03.954Z] Spinner invoked (Line 102:5:  Duplicate key 'viewServices'     no-dupe-keys) with a 0ms delay
> [debug] [2026-09-07T13:08:03.954Z] Spinner invoked (Line 103:5:  Duplicate key 'needHelper'       no-dupe-keys) with a 0ms delay
> [debug] [2026-09-07T13:08:03.954Z] Spinner invoked (Line 104:5:  Duplicate key 'helperDesc'       no-dupe-keys) with a 0ms delay
> [debug] [2026-09-07T13:08:03.954Z] Spinner invoked (Line 105:5:  Duplicate key 'loginCompany'     no-dupe-keys) with a 0ms delay
> [debug] [2026-09-07T13:08:03.954Z] Spinner invoked (Line 106:5:  Duplicate key 'lookingWork'      no-dupe-keys) with a 0ms delay
> [debug] [2026-09-07T13:08:03.954Z] Spinner invoked (Line 107:5:  Duplicate key 'labourDesc'       no-dupe-keys) with a 0ms delay
> [debug] [2026-09-07T13:08:03.954Z] Spinner invoked (Line 108:5:  Duplicate key 'loginLabour'      no-dupe-keys) with a 0ms delay
> [debug] [2026-09-07T13:08:03.954Z] Spinner invoked (Line 147:1:  Duplicate key 'verifiedWorkers'  no-dupe-keys) with a 0ms delay
> [debug] [2026-09-07T13:08:03.954Z] Spinner invoked (Error: Command "npm run build" exited with 1) with a 0ms delay
[client-debug] 2026-09-07T13:08:07.186Z Yielding a 'error' event
> [debug] [2026-09-07T13:08:07.191Z] Error: Error: Command "npm run build" exited with 1
Error: Command "npm run build" exited with 1
    at Now.handleDeploymentError (file:///Users/roshan/.npm/_npx/69f9afb961c37556/node_modules/vercel/dist/chunks/chunk-NSOYO6JQ.js:1683:12)
    at processDeployment (file:///Users/roshan/.npm/_npx/69f9afb961c37556/node_modules/vercel/dist/chunks/chunk-NSOYO6JQ.js:1436:33)
    at process.processTicksAndRejections (node:internal/process/task_queues:103:5)
    at async Now.create (file:///Users/roshan/.npm/_npx/69f9afb961c37556/node_modules/vercel/dist/chunks/chunk-NSOYO6JQ.js:1574:24)
    at async createDeploy (file:///Users/roshan/.npm/_npx/69f9afb961c37556/node_modules/vercel/dist/commands/deploy/index.js:241:12)
    at async handleDefaultDeploy (file:///Users/roshan/.npm/_npx/69f9afb961c37556/node_modules/vercel/dist/commands/deploy/index.js:2007:18)
    at async _Span.trace (/Users/roshan/.npm/_npx/69f9afb961c37556/node_modules/@vercel/build-utils/dist/index.js:39441:14)
    at async main (file:///Users/roshan/.npm/_npx/69f9afb961c37556/node_modules/vercel/dist/index.js:2391:18)
> [debug] [2026-09-07T13:08:07.191Z] handling error: Error: Command "npm run build" exited with 1
    at Now.handleDeploymentError (file:///Users/roshan/.npm/_npx/69f9afb961c37556/node_modules/vercel/dist/chunks/chunk-NSOYO6JQ.js:1683:12)
    at processDeployment (file:///Users/roshan/.npm/_npx/69f9afb961c37556/node_modules/vercel/dist/chunks/chunk-NSOYO6JQ.js:1436:33)
    at process.processTicksAndRejections (node:internal/process/task_queues:103:5)
    at async Now.create (file:///Users/roshan/.npm/_npx/69f9afb961c37556/node_modules/vercel/dist/chunks/chunk-NSOYO6JQ.js:1574:24)
    at async createDeploy (file:///Users/roshan/.npm/_npx/69f9afb961c37556/node_modules/vercel/dist/commands/deploy/index.js:241:12)
    at async handleDefaultDeploy (file:///Users/roshan/.npm/_npx/69f9afb961c37556/node_modules/vercel/dist/commands/deploy/index.js:2007:18)
    at async _Span.trace (/Users/roshan/.npm/_npx/69f9afb961c37556/node_modules/@vercel/build-utils/dist/index.js:39441:14)
    at async main (file:///Users/roshan/.npm/_npx/69f9afb961c37556/node_modules/vercel/dist/index.js:2391:18)
Error: Command "npm run build" exited with 1
> [debug] [2026-09-07T13:08:07.354Z] Vercel CLI 59.11.7 (Node.js 24.13.0)

> [debug] [2026-09-07T13:08:08.137Z] Telemetry event tracked
> [debug] [2026-09-07T13:08:08.153Z] Telemetry subprocess exited with code 0
